// Jest Snapshot v1, https://goo.gl/fbAQLP

exports[`AppBar Snapshot 1`] = `
<div
  className="root"
>
  <a
    className="link logo"
    href="some link"
    onClick={[Function]}
  >
    some brand
  </a>
  <div>
    <span
      className="item"
    >
      <span
        className="root"
      >
        <svg
          height={16}
          viewBox="0 0 24 24"
          width={16}
          xmlns="http://www.w3.org/2000/svg"
        >
          <path
            d="M20 21v-2a4 4 0 0 0-4-4H8a4 4 0 0 0-4 4v2"
            fill="none"
            stroke="black"
            strokeLinecap="round"
            strokeLinejoin="round"
            strokeWidth="2"
          />
          <circle
            cx="12"
            cy="7"
            fill="none"
            r="4"
            stroke="black"
            strokeLinecap="round"
            strokeLinejoin="round"
            strokeWidth="2"
          />
        </svg>
      </span>
      <span
        className="username"
      >
        some name
      </span>
    </span>
    <a
      className="item link"
      href="logout link"
      onClick={[Function]}
    >
      logout
    </a>
  </div>
</div>
`;
