// Jest Snapshot v1, https://goo.gl/fbAQLP

exports[`Menu Snapshot 1`] = `
<div
  className="root"
>
  <div
    className="main"
  >
    <div
      className="openerContainer"
    >
      <button
        className="opener"
        onClick={[Function]}
        type="button"
      >
        <span>
          Foo
        </span>
        <span
          className="arrow"
        >
          â–¼
        </span>
      </button>
    </div>
    <div
      className="optionsContainer"
    />
  </div>
</div>
`;
