// Jest Snapshot v1, https://goo.gl/fbAQLP

exports[`Radio Snapshot 1`] = `
<label
  className="root"
  style={
    Object {
      "color": "black",
    }
  }
>
  <input
    checked={false}
    className="input"
    name="TestName"
    onChange={undefined}
    required={true}
    type="radio"
    value="TestValue"
  />
  <span
    className="pseudoInput"
    style={
      Object {
        "background": "transparent",
      }
    }
  >
     
  </span>
  <span
    className="label"
  >
    TestLabel
  </span>
</label>
`;
