// Jest Snapshot v1, https://goo.gl/fbAQLP

exports[`Radio Group Snapshot 1`] = `
<div>
  <label
    className="root"
    style={
      Object {
        "color": "black",
      }
    }
  >
    <input
      checked={false}
      className="input"
      name="TestName"
      onChange={[Function]}
      required={true}
      type="radio"
      value="yes"
    />
    <span
      className="pseudoInput"
      style={
        Object {
          "background": "transparent",
        }
      }
    >
       
    </span>
    <span
      className="label"
    >
      Yes
    </span>
  </label>
  <label
    className="root"
    style={
      Object {
        "color": "black",
      }
    }
  >
    <input
      checked={false}
      className="input"
      name="TestName"
      onChange={[Function]}
      required={true}
      type="radio"
      value="no"
    />
    <span
      className="pseudoInput"
      style={
        Object {
          "background": "transparent",
        }
      }
    >
       
    </span>
    <span
      className="label"
    >
      No
    </span>
  </label>
  <label
    className="root"
    style={
      Object {
        "color": "black",
      }
    }
  >
    <input
      checked={false}
      className="input"
      name="TestName"
      onChange={[Function]}
      required={true}
      type="radio"
      value="maybe"
    />
    <span
      className="pseudoInput"
      style={
        Object {
          "background": "transparent",
        }
      }
    >
       
    </span>
    <span
      className="label"
    >
      Maybe
    </span>
  </label>
</div>
`;
