// Jest Snapshot v1, https://goo.gl/fbAQLP

exports[`Yes or No Snapshot 1`] = `
<div>
  <label
    className={undefined}
  >
    <input
      checked={false}
      className={undefined}
      name="TestName"
      required={undefined}
      type="radio"
      value="yes"
    />
    Yes
  </label>
  <label
    className={undefined}
  >
    <input
      checked={false}
      className={undefined}
      name="TestName"
      required={undefined}
      type="radio"
      value="no"
    />
    No
  </label>
</div>
`;
